// Jest Snapshot v1, https://goo.gl/fbAQLP

exports[`renders and matches snapshot 1`] = `
<Fragment>
  <h1>
    HOME PAGE
  </h1>
  <p
    key="content0"
  >
    Content element #
    1
  </p>
  <p
    key="content1"
  >
    Content element #
    2
  </p>
  <p
    key="content2"
  >
    Content element #
    3
  </p>
  <p
    key="content3"
  >
    Content element #
    4
  </p>
  <p
    key="content4"
  >
    Content element #
    5
  </p>
  <p
    key="content5"
  >
    Content element #
    6
  </p>
  <p
    key="content6"
  >
    Content element #
    7
  </p>
  <p
    key="content7"
  >
    Content element #
    8
  </p>
  <p
    key="content8"
  >
    Content element #
    9
  </p>
  <p
    key="content9"
  >
    Content element #
    10
  </p>
  <p
    key="content10"
  >
    Content element #
    11
  </p>
  <p
    key="content11"
  >
    Content element #
    12
  </p>
  <p
    key="content12"
  >
    Content element #
    13
  </p>
  <p
    key="content13"
  >
    Content element #
    14
  </p>
  <p
    key="content14"
  >
    Content element #
    15
  </p>
  <p
    key="content15"
  >
    Content element #
    16
  </p>
  <p
    key="content16"
  >
    Content element #
    17
  </p>
  <p
    key="content17"
  >
    Content element #
    18
  </p>
  <p
    key="content18"
  >
    Content element #
    19
  </p>
  <p
    key="content19"
  >
    Content element #
    20
  </p>
  <p
    key="content20"
  >
    Content element #
    21
  </p>
  <p
    key="content21"
  >
    Content element #
    22
  </p>
  <p
    key="content22"
  >
    Content element #
    23
  </p>
  <p
    key="content23"
  >
    Content element #
    24
  </p>
  <p
    key="content24"
  >
    Content element #
    25
  </p>
  <p
    key="content25"
  >
    Content element #
    26
  </p>
  <p
    key="content26"
  >
    Content element #
    27
  </p>
  <p
    key="content27"
  >
    Content element #
    28
  </p>
  <p
    key="content28"
  >
    Content element #
    29
  </p>
  <p
    key="content29"
  >
    Content element #
    30
  </p>
  <p
    key="content30"
  >
    Content element #
    31
  </p>
  <p
    key="content31"
  >
    Content element #
    32
  </p>
  <p
    key="content32"
  >
    Content element #
    33
  </p>
  <p
    key="content33"
  >
    Content element #
    34
  </p>
  <p
    key="content34"
  >
    Content element #
    35
  </p>
  <p
    key="content35"
  >
    Content element #
    36
  </p>
  <p
    key="content36"
  >
    Content element #
    37
  </p>
  <p
    key="content37"
  >
    Content element #
    38
  </p>
  <p
    key="content38"
  >
    Content element #
    39
  </p>
  <p
    key="content39"
  >
    Content element #
    40
  </p>
  <p
    key="content40"
  >
    Content element #
    41
  </p>
  <p
    key="content41"
  >
    Content element #
    42
  </p>
  <p
    key="content42"
  >
    Content element #
    43
  </p>
  <p
    key="content43"
  >
    Content element #
    44
  </p>
  <p
    key="content44"
  >
    Content element #
    45
  </p>
  <p
    key="content45"
  >
    Content element #
    46
  </p>
  <p
    key="content46"
  >
    Content element #
    47
  </p>
  <p
    key="content47"
  >
    Content element #
    48
  </p>
  <p
    key="content48"
  >
    Content element #
    49
  </p>
  <p
    key="content49"
  >
    Content element #
    50
  </p>
  <p
    key="content50"
  >
    Content element #
    51
  </p>
  <p
    key="content51"
  >
    Content element #
    52
  </p>
  <p
    key="content52"
  >
    Content element #
    53
  </p>
  <p
    key="content53"
  >
    Content element #
    54
  </p>
  <p
    key="content54"
  >
    Content element #
    55
  </p>
  <p
    key="content55"
  >
    Content element #
    56
  </p>
  <p
    key="content56"
  >
    Content element #
    57
  </p>
  <p
    key="content57"
  >
    Content element #
    58
  </p>
  <p
    key="content58"
  >
    Content element #
    59
  </p>
  <p
    key="content59"
  >
    Content element #
    60
  </p>
  <p
    key="content60"
  >
    Content element #
    61
  </p>
  <p
    key="content61"
  >
    Content element #
    62
  </p>
  <p
    key="content62"
  >
    Content element #
    63
  </p>
  <p
    key="content63"
  >
    Content element #
    64
  </p>
  <p
    key="content64"
  >
    Content element #
    65
  </p>
  <p
    key="content65"
  >
    Content element #
    66
  </p>
  <p
    key="content66"
  >
    Content element #
    67
  </p>
  <p
    key="content67"
  >
    Content element #
    68
  </p>
  <p
    key="content68"
  >
    Content element #
    69
  </p>
  <p
    key="content69"
  >
    Content element #
    70
  </p>
  <p
    key="content70"
  >
    Content element #
    71
  </p>
  <p
    key="content71"
  >
    Content element #
    72
  </p>
  <p
    key="content72"
  >
    Content element #
    73
  </p>
  <p
    key="content73"
  >
    Content element #
    74
  </p>
  <p
    key="content74"
  >
    Content element #
    75
  </p>
  <p
    key="content75"
  >
    Content element #
    76
  </p>
  <p
    key="content76"
  >
    Content element #
    77
  </p>
  <p
    key="content77"
  >
    Content element #
    78
  </p>
  <p
    key="content78"
  >
    Content element #
    79
  </p>
  <p
    key="content79"
  >
    Content element #
    80
  </p>
  <p
    key="content80"
  >
    Content element #
    81
  </p>
  <p
    key="content81"
  >
    Content element #
    82
  </p>
  <p
    key="content82"
  >
    Content element #
    83
  </p>
  <p
    key="content83"
  >
    Content element #
    84
  </p>
  <p
    key="content84"
  >
    Content element #
    85
  </p>
  <p
    key="content85"
  >
    Content element #
    86
  </p>
  <p
    key="content86"
  >
    Content element #
    87
  </p>
  <p
    key="content87"
  >
    Content element #
    88
  </p>
  <p
    key="content88"
  >
    Content element #
    89
  </p>
  <p
    key="content89"
  >
    Content element #
    90
  </p>
  <p
    key="content90"
  >
    Content element #
    91
  </p>
  <p
    key="content91"
  >
    Content element #
    92
  </p>
  <p
    key="content92"
  >
    Content element #
    93
  </p>
  <p
    key="content93"
  >
    Content element #
    94
  </p>
  <p
    key="content94"
  >
    Content element #
    95
  </p>
  <p
    key="content95"
  >
    Content element #
    96
  </p>
  <p
    key="content96"
  >
    Content element #
    97
  </p>
  <p
    key="content97"
  >
    Content element #
    98
  </p>
  <p
    key="content98"
  >
    Content element #
    99
  </p>
  <p
    key="content99"
  >
    Content element #
    100
  </p>
  <a
    className="f6 link dim br2 ph3 pv2 mb2 dib white bg-black"
    href="https://reactjs.org"
    rel="noopener noreferrer"
    target="_blank"
  >
    Learn React
  </a>
</Fragment>
`;
